(struct cstr){ .buf = "Hello, World!", .len = 13, }

(struct messages){ .buf = { (struct cstr){ .buf = "quack", .len = 5, }, (struct cstr){ .buf = "like", .len = 4, }, (struct cstr){ .buf = "a", .len = 1, }, (struct cstr){ .buf = "duck", .len = 4, }, (struct cstr){ .buf = "(null)", .len = 0, }, }, }