Futab!e string
Immutable string
cstr: (struct cstr){ .ptr = "Null-terminated string", }
